// Jest Snapshot v1, https://goo.gl/fbAQLP

exports[`AvailabilityMap should initialize with the right interal state 1`] = `
<glamorous(div)>
  <glamorous(h1)>
    Verifica Disponibilit√†
  </glamorous(h1)>
  <glamorous(h3)>
    abc - REF. 123
  </glamorous(h3)>
  <glamorous.Div
    padding="0 20px 40px"
    position="relative"
  >
    <glamorous(p)>
      Seleziona il raggio di distanza dal negozio di current
    </glamorous(p)>
    <Slider
      axis="x"
      color="#67cb33"
      disableFocusRipple={false}
      disabled={false}
      max={50}
      min={2}
      onChange={[Function]}
      required={true}
      sliderStyle={
        Object {
          "marginBottom": 24,
        }
      }
      step={10}
      style={Object {}}
      value={25}
    />
    <glamorous(div)
      left={460}
    >
      25 km
    </glamorous(div)>
  </glamorous.Div>
  <glamorous(div)
    id="map"
  >
    <GoogleMap
      center={
        Object {
          "lat": 12311,
          "lng": 123213,
        }
      }
      debounced={true}
      distanceToMouse={[Function]}
      fullscreenControl={false}
      googleMapLoader={[Function]}
      hoverDistance={30}
      layerTypes={Array []}
      onChange={[Function]}
      options={
        Object {
          "fullscreenControl": false,
          "gestureHandling": "none",
          "maxZoom": 17,
          "minZoom": 8,
          "zoomControl": false,
        }
      }
      style={
        Object {
          "height": "100%",
          "margin": 0,
          "padding": 0,
          "position": "relative",
          "width": "100%",
        }
      }
      yesIWantToUseGoogleMapApiInternals={false}
      zoom={11}
    >
      <Marker
        code="123"
        handleClick={[Function]}
        isAvailable={false}
        isCurrentStore={true}
        lat={1231}
        lng={123213}
      />
      <Marker
        code="1234"
        handleClick={[Function]}
        isAvailable={false}
        isCurrentStore={false}
        lat={12311}
        lng={123213}
      />
      <glamorous(div)
        height={930}
        lat={12311}
        lng={123213}
        width={930}
      />
    </GoogleMap>
    <glamorous(div) />
  </glamorous(div)>
  <NearbyStores
    handleClick={[Function]}
    nearbyStores={
      Array [
        Object {
          "address": Object {
            "city": "milan",
            "state": "abc",
            "street": "bde",
            "streetNumber": "1",
            "zipCode": "213",
          },
          "code": "123",
          "latitude": 1231,
          "longitude": 123213,
          "name": "abc",
        },
        Object {
          "address": Object {
            "city": "roma",
            "state": "asd",
            "street": "bae",
            "streetNumber": "1",
            "zipCode": "213",
          },
          "code": "1234",
          "latitude": 12311,
          "longitude": 123213,
          "name": "asdsa",
        },
      ]
    }
    selectedStore=""
    slick={[Function]}
  />
</glamorous(div)>
`;
