// Jest Snapshot v1, https://goo.gl/fbAQLP

exports[`Home should render null if world is empty 1`] = `null`;

exports[`Home should render properly if world is not empty 1`] = `
<div>
  1
</div>
`;
