// Jest Snapshot v1, https://goo.gl/fbAQLP

exports[`Novita should render properly 1`] = `
<glamorous(div)
  id="novita_badge"
>
  <glamorous(div) />
  <glamorous(span)>
    NOVITÃ€
  </glamorous(span)>
</glamorous(div)>
`;
