// Jest Snapshot v1, https://goo.gl/fbAQLP

exports[`SimilarProducts should have an inital state with dialog closed 1`] = `
<glamorous(div)>
  <glamorous(div)>
    <h3>
      title
    </h3>
  </glamorous(div)>
  <glamorous(div)>
    <ProductBadge
      animated={false}
      animatedDirection="left"
      handleClick={[Function]}
      productInfo={
        Object {
          "code": "product0",
        }
      }
      stock={0}
    />
    <ProductBadge
      animated={false}
      animatedDirection="left"
      handleClick={[Function]}
      productInfo={
        Object {
          "code": "product1",
        }
      }
      stock={0}
    />
    <ProductBadge
      animated={false}
      animatedDirection="left"
      handleClick={[Function]}
      productInfo={
        Object {
          "code": "product2",
        }
      }
      stock={0}
    />
  </glamorous(div)>
  <SimilarProductsDialog
    handleClose={[Function]}
    isOpen={false}
    selectedProduct=""
    similarProducts={
      Array [
        Object {
          "code": "product0",
        },
        Object {
          "code": "product1",
        },
        Object {
          "code": "product2",
        },
      ]
    }
    stocks={Object {}}
  />
</glamorous(div)>
`;

exports[`SimilarProducts should otherwise render a list of similarProducts 1`] = `
<glamorous(div)>
  <glamorous(div)>
    <h3>
      title
    </h3>
  </glamorous(div)>
  <glamorous(div)>
    <ProductBadge
      animated={false}
      animatedDirection="left"
      handleClick={[Function]}
      productInfo={
        Object {
          "code": "product0",
        }
      }
      stock={0}
    />
    <ProductBadge
      animated={false}
      animatedDirection="left"
      handleClick={[Function]}
      productInfo={
        Object {
          "code": "product1",
        }
      }
      stock={0}
    />
    <ProductBadge
      animated={false}
      animatedDirection="left"
      handleClick={[Function]}
      productInfo={
        Object {
          "code": "product2",
        }
      }
      stock={0}
    />
  </glamorous(div)>
  <SimilarProductsDialog
    handleClose={[Function]}
    isOpen={false}
    selectedProduct=""
    similarProducts={
      Array [
        Object {
          "code": "product0",
        },
        Object {
          "code": "product1",
        },
        Object {
          "code": "product2",
        },
      ]
    }
    stocks={Object {}}
  />
</glamorous(div)>
`;

exports[`SimilarProducts should render null when similarProducts are empty 1`] = `null`;
