// Jest Snapshot v1, https://goo.gl/fbAQLP

exports[`SimilarProductBadge should render properly 1`] = `
<glamorous(div)>
  <glamorous(h1)>
    name
  </glamorous(h1)>
  <glamorous(h3)>
    REF. 
    code
  </glamorous(h3)>
  <Image
    alt="alt"
    fixBrightColor={true}
    imageID="mainImage"
    imageOptions={
      Object {
        "crop": "fit",
        "height": 830,
        "width": 830,
      }
    }
    zoomable={false}
  />
  <glamorous(div)>
    <glamorous(p) />
    <glamorous(div)>
      <MarketingFlag
        loyaltyProgram={Object {}}
        marketingAttributes={Object {}}
        promotionCode="0"
        topLeftStyle={Object {}}
        topRightStyle={Object {}}
        wrapperStyle={Object {}}
      />
      <PriceBadge
        price={
          Object {
            "gross": 15,
            "list": 15,
          }
        }
        pricingInfo={Object {}}
      />
      <glamorous(div) />
      <Connect(StoreStockBadge)
        currentStoreStock={
          Object {
            "stockStatus": "none",
            "storeStock": 10,
          }
        }
      />
    </glamorous(div)>
  </glamorous(div)>
  <Link
    onClick={[Function]}
    onlyActiveOnIndex={false}
    style={Object {}}
    to="/product/code"
  >
    <glamorous(div)>
      Dettagli Prodotto
      <NavigationArrowForward
        color="#fff"
        style={
          Object {
            "height": 32,
            "marginLeft": 10,
            "width": 37,
          }
        }
      />
    </glamorous(div)>
  </Link>
</glamorous(div)>
`;
