// Jest Snapshot v1, https://goo.gl/fbAQLP

exports[`SimilarProductsDialog should otherwise render a list of similarProducts 1`] = `
<Dialog
  autoDetectWindowHeight={true}
  autoScrollBodyContent={false}
  bodyStyle={
    Object {
      "background": "transparent",
      "padding": 0,
    }
  }
  contentClassName="similarDialog"
  contentStyle={
    Object {
      "background": "transparent",
      "maxWidth": "none",
      "width": "100%",
    }
  }
  modal={false}
  open={true}
  repositionOnUpdate={true}
>
  <CloseButton
    backgroundColor="#333333"
    fill="#858585"
    handleClick={[Function]}
    right={0}
    top={-250}
  />
  <Slider
    afterChange={[Function]}
    arrows={false}
    centerMode={true}
    dots={false}
    id="slick"
    infinite={false}
    initialSlide={0}
    variableWidth={true}
  >
    <div>
      <glamorous(div)>
        <SimilarProductBadge
          index={0}
          productInfo={
            Object {
              "code": "product0",
            }
          }
          stock={0}
        />
      </glamorous(div)>
    </div>
    <div>
      <glamorous(div)>
        <SimilarProductBadge
          index={1}
          productInfo={
            Object {
              "code": "product1",
            }
          }
          stock={0}
        />
      </glamorous(div)>
    </div>
    <div>
      <glamorous(div)>
        <SimilarProductBadge
          index={2}
          productInfo={
            Object {
              "code": "product2",
            }
          }
          stock={0}
        />
      </glamorous(div)>
    </div>
  </Slider>
</Dialog>
`;

exports[`SimilarProductsDialog should render null if the dialog is not open 1`] = `null`;
