// Jest Snapshot v1, https://goo.gl/fbAQLP

exports[`should render properly 1`] = `
<glamorous(div)>
  <NavigationCheck
    color="#58c527"
    style={
      Object {
        "height": 40,
        "width": 40,
      }
    }
  />
  <glamorous(div)>
    <p>
      10 prodotti disponibili
    </p>
    <p>
      in negozio a storeName
    </p>
  </glamorous(div)>
</glamorous(div)>
`;
